Archive member included to satisfy reference by file (symbol)

d:/programs/atmel/7.0/toolchain/avr8/avr8-gnu-toolchain/bin/../lib/gcc/avr/5.4.0/avr5\libgcc.a(_exit.o)
                              D:/Programs/Atmel/7.0/Packs/Atmel/ATmega_DFP/1.2.272/gcc/dev/atmega328pb/avr5/crtatmega328pb.o (exit)
d:/programs/atmel/7.0/toolchain/avr8/avr8-gnu-toolchain/bin/../lib/gcc/avr/5.4.0/avr5\libgcc.a(_clear_bss.o)
                              examples/src/pwm_basic_example.o (__do_clear_bss)

Allocating common symbols
Common symbol       size              file

LED_SW2_duty        0x1               examples/src/pwm_basic_example.o
LED_SW1_duty        0x2               examples/src/pwm_basic_example.o

Discarded input sections

 .data          0x00000000        0x0 D:/Programs/Atmel/7.0/Packs/Atmel/ATmega_DFP/1.2.272/gcc/dev/atmega328pb/avr5/crtatmega328pb.o
 .bss           0x00000000        0x0 D:/Programs/Atmel/7.0/Packs/Atmel/ATmega_DFP/1.2.272/gcc/dev/atmega328pb/avr5/crtatmega328pb.o
 .text          0x00000000        0x0 atmel_start.o
 .data          0x00000000        0x0 atmel_start.o
 .bss           0x00000000        0x0 atmel_start.o
 .text          0x00000000        0x0 driver_isr.o
 .data          0x00000000        0x0 driver_isr.o
 .bss           0x00000000        0x0 driver_isr.o
 .debug_info    0x00000000       0x56 driver_isr.o
 .debug_abbrev  0x00000000       0x26 driver_isr.o
 .debug_aranges
                0x00000000       0x18 driver_isr.o
 .debug_line    0x00000000       0x1a driver_isr.o
 .debug_str     0x00000000      0x178 driver_isr.o
 .comment       0x00000000       0x31 driver_isr.o
 .text          0x00000000        0x0 examples/src/pwm_basic_example.o
 .data          0x00000000        0x0 examples/src/pwm_basic_example.o
 .bss           0x00000000        0x0 examples/src/pwm_basic_example.o
 .text.LED_SW2_test_pwm_basic
                0x00000000       0x14 examples/src/pwm_basic_example.o
 .text.LED_SW1_test_pwm_basic
                0x00000000       0x18 examples/src/pwm_basic_example.o
 .bss.LED_SW1_isr_executed_counter
                0x00000000        0x2 examples/src/pwm_basic_example.o
 .bss.LED_SW2_isr_executed_counter
                0x00000000        0x2 examples/src/pwm_basic_example.o
 .debug_info    0x00000000      0x1d3 examples/src/pwm_basic_example.o
 .debug_abbrev  0x00000000       0xae examples/src/pwm_basic_example.o
 .debug_aranges
                0x00000000       0x28 examples/src/pwm_basic_example.o
 .debug_ranges  0x00000000       0x18 examples/src/pwm_basic_example.o
 .debug_line    0x00000000       0xfb examples/src/pwm_basic_example.o
 .debug_str     0x00000000      0x2d9 examples/src/pwm_basic_example.o
 .comment       0x00000000       0x31 examples/src/pwm_basic_example.o
 .debug_frame   0x00000000       0x34 examples/src/pwm_basic_example.o
 COMMON         0x00000000        0x3 examples/src/pwm_basic_example.o
 .text          0x00000000        0x0 main.o
 .data          0x00000000        0x0 main.o
 .bss           0x00000000        0x0 main.o
 .text          0x00000000        0x0 program.o
 .data          0x00000000        0x0 program.o
 .bss           0x00000000        0x0 program.o
 .text          0x00000000        0x0 src/driver_init.o
 .data          0x00000000        0x0 src/driver_init.o
 .bss           0x00000000        0x0 src/driver_init.o
 .text          0x00000000        0x0 src/exint.o
 .data          0x00000000        0x0 src/exint.o
 .bss           0x00000000        0x0 src/exint.o
 .text          0x00000000        0x0 src/protected_io.o
 .data          0x00000000        0x0 src/protected_io.o
 .bss           0x00000000        0x0 src/protected_io.o
 .text          0x00000000        0x0 src/pwm_basic.o
 .data          0x00000000        0x0 src/pwm_basic.o
 .bss           0x00000000        0x0 src/pwm_basic.o
 .text.LED_SW2_enable
                0x00000000        0x2 src/pwm_basic.o
 .text.LED_SW2_disable
                0x00000000        0x2 src/pwm_basic.o
 .text.LED_SW2_enable_output_ch0
                0x00000000        0x8 src/pwm_basic.o
 .text.LED_SW2_disable_output_ch0
                0x00000000        0x6 src/pwm_basic.o
 .text.LED_SW2_enable_output_ch1
                0x00000000        0x6 src/pwm_basic.o
 .text.LED_SW2_disable_output_ch1
                0x00000000        0x6 src/pwm_basic.o
 .text.LED_SW2_load_counter
                0x00000000        0x4 src/pwm_basic.o
 .text.LED_SW2_load_duty_cycle_ch0
                0x00000000        0x4 src/pwm_basic.o
 .text.LED_SW2_load_duty_cycle_ch1
                0x00000000        0x4 src/pwm_basic.o
 .text.LED_SW1_enable
                0x00000000        0x2 src/pwm_basic.o
 .text.LED_SW1_disable
                0x00000000        0x2 src/pwm_basic.o
 .text.LED_SW1_enable_output_ch0
                0x00000000        0xc src/pwm_basic.o
 .text.LED_SW1_disable_output_ch0
                0x00000000        0xa src/pwm_basic.o
 .text.LED_SW1_enable_output_ch1
                0x00000000        0xa src/pwm_basic.o
 .text.LED_SW1_disable_output_ch1
                0x00000000        0xa src/pwm_basic.o
 .text.LED_SW1_load_counter
                0x00000000        0xa src/pwm_basic.o
 .text.LED_SW1_load_duty_cycle_ch0
                0x00000000        0xa src/pwm_basic.o
 .text.LED_SW1_load_duty_cycle_ch1
                0x00000000        0xa src/pwm_basic.o
 .text          0x00000000        0x0 d:/programs/atmel/7.0/toolchain/avr8/avr8-gnu-toolchain/bin/../lib/gcc/avr/5.4.0/avr5\libgcc.a(_exit.o)
 .data          0x00000000        0x0 d:/programs/atmel/7.0/toolchain/avr8/avr8-gnu-toolchain/bin/../lib/gcc/avr/5.4.0/avr5\libgcc.a(_exit.o)
 .bss           0x00000000        0x0 d:/programs/atmel/7.0/toolchain/avr8/avr8-gnu-toolchain/bin/../lib/gcc/avr/5.4.0/avr5\libgcc.a(_exit.o)
 .text.libgcc.mul
                0x00000000        0x0 d:/programs/atmel/7.0/toolchain/avr8/avr8-gnu-toolchain/bin/../lib/gcc/avr/5.4.0/avr5\libgcc.a(_exit.o)
 .text.libgcc.div
                0x00000000        0x0 d:/programs/atmel/7.0/toolchain/avr8/avr8-gnu-toolchain/bin/../lib/gcc/avr/5.4.0/avr5\libgcc.a(_exit.o)
 .text.libgcc   0x00000000        0x0 d:/programs/atmel/7.0/toolchain/avr8/avr8-gnu-toolchain/bin/../lib/gcc/avr/5.4.0/avr5\libgcc.a(_exit.o)
 .text.libgcc.prologue
                0x00000000        0x0 d:/programs/atmel/7.0/toolchain/avr8/avr8-gnu-toolchain/bin/../lib/gcc/avr/5.4.0/avr5\libgcc.a(_exit.o)
 .text.libgcc.builtins
                0x00000000        0x0 d:/programs/atmel/7.0/toolchain/avr8/avr8-gnu-toolchain/bin/../lib/gcc/avr/5.4.0/avr5\libgcc.a(_exit.o)
 .text.libgcc.fmul
                0x00000000        0x0 d:/programs/atmel/7.0/toolchain/avr8/avr8-gnu-toolchain/bin/../lib/gcc/avr/5.4.0/avr5\libgcc.a(_exit.o)
 .text.libgcc.fixed
                0x00000000        0x0 d:/programs/atmel/7.0/toolchain/avr8/avr8-gnu-toolchain/bin/../lib/gcc/avr/5.4.0/avr5\libgcc.a(_exit.o)
 .text          0x00000000        0x0 d:/programs/atmel/7.0/toolchain/avr8/avr8-gnu-toolchain/bin/../lib/gcc/avr/5.4.0/avr5\libgcc.a(_clear_bss.o)
 .data          0x00000000        0x0 d:/programs/atmel/7.0/toolchain/avr8/avr8-gnu-toolchain/bin/../lib/gcc/avr/5.4.0/avr5\libgcc.a(_clear_bss.o)
 .bss           0x00000000        0x0 d:/programs/atmel/7.0/toolchain/avr8/avr8-gnu-toolchain/bin/../lib/gcc/avr/5.4.0/avr5\libgcc.a(_clear_bss.o)
 .text.libgcc.mul
                0x00000000        0x0 d:/programs/atmel/7.0/toolchain/avr8/avr8-gnu-toolchain/bin/../lib/gcc/avr/5.4.0/avr5\libgcc.a(_clear_bss.o)
 .text.libgcc.div
                0x00000000        0x0 d:/programs/atmel/7.0/toolchain/avr8/avr8-gnu-toolchain/bin/../lib/gcc/avr/5.4.0/avr5\libgcc.a(_clear_bss.o)
 .text.libgcc   0x00000000        0x0 d:/programs/atmel/7.0/toolchain/avr8/avr8-gnu-toolchain/bin/../lib/gcc/avr/5.4.0/avr5\libgcc.a(_clear_bss.o)
 .text.libgcc.prologue
                0x00000000        0x0 d:/programs/atmel/7.0/toolchain/avr8/avr8-gnu-toolchain/bin/../lib/gcc/avr/5.4.0/avr5\libgcc.a(_clear_bss.o)
 .text.libgcc.builtins
                0x00000000        0x0 d:/programs/atmel/7.0/toolchain/avr8/avr8-gnu-toolchain/bin/../lib/gcc/avr/5.4.0/avr5\libgcc.a(_clear_bss.o)
 .text.libgcc.fmul
                0x00000000        0x0 d:/programs/atmel/7.0/toolchain/avr8/avr8-gnu-toolchain/bin/../lib/gcc/avr/5.4.0/avr5\libgcc.a(_clear_bss.o)
 .text.libgcc.fixed
                0x00000000        0x0 d:/programs/atmel/7.0/toolchain/avr8/avr8-gnu-toolchain/bin/../lib/gcc/avr/5.4.0/avr5\libgcc.a(_clear_bss.o)

Memory Configuration

Name             Origin             Length             Attributes
text             0x00000000         0x00020000         xr
data             0x00800060         0x0000ffa0         rw !x
eeprom           0x00810000         0x00010000         rw !x
fuse             0x00820000         0x00000003         rw !x
lock             0x00830000         0x00000400         rw !x
signature        0x00840000         0x00000400         rw !x
user_signatures  0x00850000         0x00000400         rw !x
*default*        0x00000000         0xffffffff

Linker script and memory map

Address of section .data set to 0x800100
LOAD D:/Programs/Atmel/7.0/Packs/Atmel/ATmega_DFP/1.2.272/gcc/dev/atmega328pb/avr5/crtatmega328pb.o
LOAD atmel_start.o
LOAD driver_isr.o
LOAD examples/src/pwm_basic_example.o
LOAD main.o
LOAD program.o
LOAD src/driver_init.o
LOAD src/exint.o
LOAD src/protected_io.o
LOAD src/pwm_basic.o
START GROUP
LOAD d:/programs/atmel/7.0/toolchain/avr8/avr8-gnu-toolchain/bin/../lib/gcc/avr/5.4.0/../../../../avr/lib/avr5\libm.a
END GROUP
START GROUP
LOAD d:/programs/atmel/7.0/toolchain/avr8/avr8-gnu-toolchain/bin/../lib/gcc/avr/5.4.0/avr5\libgcc.a
LOAD d:/programs/atmel/7.0/toolchain/avr8/avr8-gnu-toolchain/bin/../lib/gcc/avr/5.4.0/../../../../avr/lib/avr5\libm.a
LOAD d:/programs/atmel/7.0/toolchain/avr8/avr8-gnu-toolchain/bin/../lib/gcc/avr/5.4.0/../../../../avr/lib/avr5\libc.a
LOAD D:/Programs/Atmel/7.0/Packs/Atmel/ATmega_DFP/1.2.272/gcc/dev/atmega328pb/avr5\libatmega328pb.a
END GROUP
                0x00020000                __TEXT_REGION_LENGTH__ = DEFINED (__TEXT_REGION_LENGTH__)?__TEXT_REGION_LENGTH__:0x20000
                0x0000ffa0                __DATA_REGION_LENGTH__ = DEFINED (__DATA_REGION_LENGTH__)?__DATA_REGION_LENGTH__:0xffa0
                0x00010000                __EEPROM_REGION_LENGTH__ = DEFINED (__EEPROM_REGION_LENGTH__)?__EEPROM_REGION_LENGTH__:0x10000
                [0x00000003]                __FUSE_REGION_LENGTH__ = DEFINED (__FUSE_REGION_LENGTH__)?__FUSE_REGION_LENGTH__:0x400
                0x00000400                __LOCK_REGION_LENGTH__ = DEFINED (__LOCK_REGION_LENGTH__)?__LOCK_REGION_LENGTH__:0x400
                0x00000400                __SIGNATURE_REGION_LENGTH__ = DEFINED (__SIGNATURE_REGION_LENGTH__)?__SIGNATURE_REGION_LENGTH__:0x400
                0x00000400                __USER_SIGNATURE_REGION_LENGTH__ = DEFINED (__USER_SIGNATURE_REGION_LENGTH__)?__USER_SIGNATURE_REGION_LENGTH__:0x400

.hash
 *(.hash)

.dynsym
 *(.dynsym)

.dynstr
 *(.dynstr)

.gnu.version
 *(.gnu.version)

.gnu.version_d
 *(.gnu.version_d)

.gnu.version_r
 *(.gnu.version_r)

.rel.init
 *(.rel.init)

.rela.init
 *(.rela.init)

.rel.text
 *(.rel.text)
 *(.rel.text.*)
 *(.rel.gnu.linkonce.t*)

.rela.text
 *(.rela.text)
 *(.rela.text.*)
 *(.rela.gnu.linkonce.t*)

.rel.fini
 *(.rel.fini)

.rela.fini
 *(.rela.fini)

.rel.rodata
 *(.rel.rodata)
 *(.rel.rodata.*)
 *(.rel.gnu.linkonce.r*)

.rela.rodata
 *(.rela.rodata)
 *(.rela.rodata.*)
 *(.rela.gnu.linkonce.r*)

.rel.data
 *(.rel.data)
 *(.rel.data.*)
 *(.rel.gnu.linkonce.d*)

.rela.data
 *(.rela.data)
 *(.rela.data.*)
 *(.rela.gnu.linkonce.d*)

.rel.ctors
 *(.rel.ctors)

.rela.ctors
 *(.rela.ctors)

.rel.dtors
 *(.rel.dtors)

.rela.dtors
 *(.rela.dtors)

.rel.got
 *(.rel.got)

.rela.got
 *(.rela.got)

.rel.bss
 *(.rel.bss)

.rela.bss
 *(.rela.bss)

.rel.plt
 *(.rel.plt)

.rela.plt
 *(.rela.plt)

.text           0x00000000      0x1f4
 *(.vectors)
 .vectors       0x00000000       0xb4 D:/Programs/Atmel/7.0/Packs/Atmel/ATmega_DFP/1.2.272/gcc/dev/atmega328pb/avr5/crtatmega328pb.o
                0x00000000                __vector_default
                0x00000000                __vectors
 *(.vectors)
 *(.progmem.gcc*)
                0x000000b4                . = ALIGN (0x2)
                0x000000b4                __trampolines_start = .
 *(.trampolines)
 .trampolines   0x000000b4        0x0 linker stubs
 *(.trampolines*)
                0x000000b4                __trampolines_end = .
 *libprintf_flt.a:*(.progmem.data)
 *libc.a:*(.progmem.data)
 *(.progmem*)
                0x000000b4                . = ALIGN (0x2)
 *(.jumptables)
 *(.jumptables*)
 *(.lowtext)
 *(.lowtext*)
                0x000000b4                __ctors_start = .
 *(.ctors)
                0x000000b4                __ctors_end = .
                0x000000b4                __dtors_start = .
 *(.dtors)
                0x000000b4                __dtors_end = .
 SORT(*)(.ctors)
 SORT(*)(.dtors)
 *(.init0)
 .init0         0x000000b4        0x0 D:/Programs/Atmel/7.0/Packs/Atmel/ATmega_DFP/1.2.272/gcc/dev/atmega328pb/avr5/crtatmega328pb.o
                0x000000b4                __init
 *(.init0)
 *(.init1)
 *(.init1)
 *(.init2)
 .init2         0x000000b4        0xc D:/Programs/Atmel/7.0/Packs/Atmel/ATmega_DFP/1.2.272/gcc/dev/atmega328pb/avr5/crtatmega328pb.o
 *(.init2)
 *(.init3)
 *(.init3)
 *(.init4)
 .init4         0x000000c0       0x10 d:/programs/atmel/7.0/toolchain/avr8/avr8-gnu-toolchain/bin/../lib/gcc/avr/5.4.0/avr5\libgcc.a(_clear_bss.o)
                0x000000c0                __do_clear_bss
 *(.init4)
 *(.init5)
 *(.init5)
 *(.init6)
 *(.init6)
 *(.init7)
 *(.init7)
 *(.init8)
 *(.init8)
 *(.init9)
 .init9         0x000000d0        0x8 D:/Programs/Atmel/7.0/Packs/Atmel/ATmega_DFP/1.2.272/gcc/dev/atmega328pb/avr5/crtatmega328pb.o
 *(.init9)
 *(.text)
 .text          0x000000d8        0x4 D:/Programs/Atmel/7.0/Packs/Atmel/ATmega_DFP/1.2.272/gcc/dev/atmega328pb/avr5/crtatmega328pb.o
                0x000000d8                __vector_38
                0x000000d8                __vector_22
                0x000000d8                __vector_28
                0x000000d8                __vector_1
                0x000000d8                __vector_32
                0x000000d8                __vector_34
                0x000000d8                __vector_24
                0x000000d8                __vector_12
                0x000000d8                __bad_interrupt
                0x000000d8                __vector_6
                0x000000d8                __vector_31
                0x000000d8                __vector_35
                0x000000d8                __vector_39
                0x000000d8                __vector_3
                0x000000d8                __vector_23
                0x000000d8                __vector_30
                0x000000d8                __vector_25
                0x000000d8                __vector_11
                0x000000d8                __vector_13
                0x000000d8                __vector_17
                0x000000d8                __vector_19
                0x000000d8                __vector_7
                0x000000d8                __vector_41
                0x000000d8                __vector_43
                0x000000d8                __vector_27
                0x000000d8                __vector_5
                0x000000d8                __vector_33
                0x000000d8                __vector_37
                0x000000d8                __vector_4
                0x000000d8                __vector_44
                0x000000d8                __vector_9
                0x000000d8                __vector_2
                0x000000d8                __vector_21
                0x000000d8                __vector_15
                0x000000d8                __vector_36
                0x000000d8                __vector_29
                0x000000d8                __vector_40
                0x000000d8                __vector_8
                0x000000d8                __vector_26
                0x000000d8                __vector_14
                0x000000d8                __vector_10
                0x000000d8                __vector_16
                0x000000d8                __vector_18
                0x000000d8                __vector_20
                0x000000d8                __vector_42
                0x000000dc                . = ALIGN (0x2)
 *(.text.*)
 .text.atmel_start_init
                0x000000dc        0x6 atmel_start.o
                0x000000dc                atmel_start_init
 .text.main     0x000000e2        0xa main.o
                0x000000e2                main
 .text.loop     0x000000ec       0x18 program.o
                0x000000ec                loop
 .text.EXTERNAL_IRQ_0_initialization
                0x00000104       0x16 src/driver_init.o
                0x00000104                EXTERNAL_IRQ_0_initialization
 .text.LED_SW2_initialization
                0x0000011a        0xa src/driver_init.o
                0x0000011a                LED_SW2_initialization
 .text.LED_SW1_initialization
                0x00000124        0xa src/driver_init.o
                0x00000124                LED_SW1_initialization
 .text.system_init
                0x0000012e       0x5e src/driver_init.o
                0x0000012e                system_init
 .text.EXTERNAL_IRQ_0_init
                0x0000018c       0x16 src/exint.o
                0x0000018c                EXTERNAL_IRQ_0_init
 .text.protected_write_io
                0x000001a2        0xe src/protected_io.o
                0x000001a2                protected_write_io
 .text.LED_SW2_init
                0x000001b0       0x1a src/pwm_basic.o
                0x000001b0                LED_SW2_init
 .text.LED_SW1_init
                0x000001ca       0x26 src/pwm_basic.o
                0x000001ca                LED_SW1_init
                0x000001f0                . = ALIGN (0x2)
 *(.fini9)
 .fini9         0x000001f0        0x0 d:/programs/atmel/7.0/toolchain/avr8/avr8-gnu-toolchain/bin/../lib/gcc/avr/5.4.0/avr5\libgcc.a(_exit.o)
                0x000001f0                _exit
                0x000001f0                exit
 *(.fini9)
 *(.fini8)
 *(.fini8)
 *(.fini7)
 *(.fini7)
 *(.fini6)
 *(.fini6)
 *(.fini5)
 *(.fini5)
 *(.fini4)
 *(.fini4)
 *(.fini3)
 *(.fini3)
 *(.fini2)
 *(.fini2)
 *(.fini1)
 *(.fini1)
 *(.fini0)
 .fini0         0x000001f0        0x4 d:/programs/atmel/7.0/toolchain/avr8/avr8-gnu-toolchain/bin/../lib/gcc/avr/5.4.0/avr5\libgcc.a(_exit.o)
 *(.fini0)
                0x000001f4                _etext = .

.data           0x00800100        0x0 load address 0x000001f4
                [!provide]                PROVIDE (__data_start, .)
 *(.data)
 *(.data*)
 *(.gnu.linkonce.d*)
 *(.rodata)
 *(.rodata*)
 *(.gnu.linkonce.r*)
                0x00800100                . = ALIGN (0x2)
                0x00800100                _edata = .
                [!provide]                PROVIDE (__data_end, .)

.bss            0x00800100        0x0
                0x00800100                PROVIDE (__bss_start, .)
 *(.bss)
 *(.bss*)
 *(COMMON)
                0x00800100                PROVIDE (__bss_end, .)
                0x000001f4                __data_load_start = LOADADDR (.data)
                0x000001f4                __data_load_end = (__data_load_start + SIZEOF (.data))

.noinit         0x00800100        0x0
                [!provide]                PROVIDE (__noinit_start, .)
 *(.noinit*)
                [!provide]                PROVIDE (__noinit_end, .)
                0x00800100                _end = .
                [!provide]                PROVIDE (__heap_start, .)

.eeprom         0x00810000        0x0
 *(.eeprom*)
                0x00810000                __eeprom_end = .

.fuse
 *(.fuse)
 *(.lfuse)
 *(.hfuse)
 *(.efuse)

.lock
 *(.lock*)

.signature
 *(.signature*)

.user_signatures
 *(.user_signatures*)

.stab
 *(.stab)

.stabstr
 *(.stabstr)

.stab.excl
 *(.stab.excl)

.stab.exclstr
 *(.stab.exclstr)

.stab.index
 *(.stab.index)

.stab.indexstr
 *(.stab.indexstr)

.comment        0x00000000       0x30
 *(.comment)
 .comment       0x00000000       0x30 atmel_start.o
                                 0x31 (size before relaxing)
 .comment       0x00000030       0x31 main.o
 .comment       0x00000030       0x31 program.o
 .comment       0x00000030       0x31 src/driver_init.o
 .comment       0x00000030       0x31 src/exint.o
 .comment       0x00000030       0x31 src/pwm_basic.o

.note.gnu.avr.deviceinfo
                0x00000000       0x40
 .note.gnu.avr.deviceinfo
                0x00000000       0x40 D:/Programs/Atmel/7.0/Packs/Atmel/ATmega_DFP/1.2.272/gcc/dev/atmega328pb/avr5/crtatmega328pb.o

.note.gnu.build-id
 *(.note.gnu.build-id)

.debug
 *(.debug)

.line
 *(.line)

.debug_srcinfo
 *(.debug_srcinfo)

.debug_sfnames
 *(.debug_sfnames)

.debug_aranges  0x00000000      0x190
 *(.debug_aranges)
 .debug_aranges
                0x00000000       0x20 atmel_start.o
 .debug_aranges
                0x00000020       0x20 main.o
 .debug_aranges
                0x00000040       0x20 program.o
 .debug_aranges
                0x00000060       0x38 src/driver_init.o
 .debug_aranges
                0x00000098       0x20 src/exint.o
 .debug_aranges
                0x000000b8       0x20 src/protected_io.o
 .debug_aranges
                0x000000d8       0xb8 src/pwm_basic.o

.debug_pubnames
 *(.debug_pubnames)

.debug_info     0x00000000     0x1a21
 *(.debug_info .gnu.linkonce.wi.*)
 .debug_info    0x00000000      0x8ea D:/Programs/Atmel/7.0/Packs/Atmel/ATmega_DFP/1.2.272/gcc/dev/atmega328pb/avr5/crtatmega328pb.o
 .debug_info    0x000008ea       0x93 atmel_start.o
 .debug_info    0x0000097d       0xae main.o
 .debug_info    0x00000a2b      0x159 program.o
 .debug_info    0x00000b84      0xab0 src/driver_init.o
 .debug_info    0x00001634       0x91 src/exint.o
 .debug_info    0x000016c5       0x90 src/protected_io.o
 .debug_info    0x00001755      0x2cc src/pwm_basic.o

.debug_abbrev   0x00000000      0xcd5
 *(.debug_abbrev)
 .debug_abbrev  0x00000000      0x86e D:/Programs/Atmel/7.0/Packs/Atmel/ATmega_DFP/1.2.272/gcc/dev/atmega328pb/avr5/crtatmega328pb.o
 .debug_abbrev  0x0000086e       0x63 atmel_start.o
 .debug_abbrev  0x000008d1       0x68 main.o
 .debug_abbrev  0x00000939       0xfa program.o
 .debug_abbrev  0x00000a33      0x154 src/driver_init.o
 .debug_abbrev  0x00000b87       0x51 src/exint.o
 .debug_abbrev  0x00000bd8       0x14 src/protected_io.o
 .debug_abbrev  0x00000bec       0xe9 src/pwm_basic.o

.debug_line     0x00000000      0x946
 *(.debug_line .debug_line.* .debug_line_end)
 .debug_line    0x00000000      0x1a5 D:/Programs/Atmel/7.0/Packs/Atmel/ATmega_DFP/1.2.272/gcc/dev/atmega328pb/avr5/crtatmega328pb.o
 .debug_line    0x000001a5       0x60 atmel_start.o
 .debug_line    0x00000205       0x6b main.o
 .debug_line    0x00000270      0x11b program.o
 .debug_line    0x0000038b      0x233 src/driver_init.o
 .debug_line    0x000005be       0xa4 src/exint.o
 .debug_line    0x00000662       0x67 src/protected_io.o
 .debug_line    0x000006c9      0x27d src/pwm_basic.o

.debug_frame    0x00000000      0x238
 *(.debug_frame)
 .debug_frame   0x00000000       0x24 atmel_start.o
 .debug_frame   0x00000024       0x24 main.o
 .debug_frame   0x00000048       0x24 program.o
 .debug_frame   0x0000006c       0x54 src/driver_init.o
 .debug_frame   0x000000c0       0x24 src/exint.o
 .debug_frame   0x000000e4      0x154 src/pwm_basic.o

.debug_str      0x00000000      0xa49
 *(.debug_str)
 .debug_str     0x00000000      0x318 D:/Programs/Atmel/7.0/Packs/Atmel/ATmega_DFP/1.2.272/gcc/dev/atmega328pb/avr5/crtatmega328pb.o
 .debug_str     0x00000318      0x162 atmel_start.o
                                0x196 (size before relaxing)
 .debug_str     0x0000047a       0x16 main.o
                                0x18d (size before relaxing)
 .debug_str     0x00000490       0x8a program.o
                                0x1f5 (size before relaxing)
 .debug_str     0x0000051a      0x319 src/driver_init.o
                                0x4b3 (size before relaxing)
 .debug_str     0x00000833        0xf src/exint.o
                                0x198 (size before relaxing)
 .debug_str     0x00000842      0x207 src/pwm_basic.o
                                0x396 (size before relaxing)

.debug_loc      0x00000000      0x3a7
 *(.debug_loc)
 .debug_loc     0x00000000       0x5c program.o
 .debug_loc     0x0000005c      0x34b src/driver_init.o

.debug_macinfo
 *(.debug_macinfo)

.debug_weaknames
 *(.debug_weaknames)

.debug_funcnames
 *(.debug_funcnames)

.debug_typenames
 *(.debug_typenames)

.debug_varnames
 *(.debug_varnames)

.debug_pubtypes
 *(.debug_pubtypes)

.debug_ranges   0x00000000      0x110
 *(.debug_ranges)
 .debug_ranges  0x00000000       0x10 atmel_start.o
 .debug_ranges  0x00000010       0x10 main.o
 .debug_ranges  0x00000020       0x10 program.o
 .debug_ranges  0x00000030       0x28 src/driver_init.o
 .debug_ranges  0x00000058       0x10 src/exint.o
 .debug_ranges  0x00000068       0xa8 src/pwm_basic.o

.debug_macro
 *(.debug_macro)
OUTPUT(ButtonRelayControl.elf elf32-avr)
LOAD linker stubs
